src/hooks/queries.ts(9,5): error TS1128: Declaration or statement expected.
src/hooks/queries.ts(9,6): error TS1128: Declaration or statement expected.
src/hooks/queries.ts(11,3): error TS1109: Expression expected.
src/hooks/queries.ts(11,4): error TS1128: Declaration or statement expected.
src/hooks/queries.ts(12,1): error TS1128: Declaration or statement expected.
